fl_base.py loaded successfully.
aggregators.py loaded successfully.

============================================================
  Dataset : foursquare
  Desc    : Foursquare NYC check-in dataset (Yang et al. 2014)
  Samples : 80,000
============================================================

[foursquare] Loading real data from: ./data/foursquare/dataset_TSMC2014_NYC.txt
  Format: TSMC2014 | Raw check-ins: 227,428
  Building trip pairs from check-in sequences...
  Trip pairs   : 80,000
  Fraud rate   : 12.6%
  Lat range    : [40.551, 40.988]
  Lon range    : [-74.271, -73.684]

Running 7 methods × 4 attacks × 50 rounds each...
Byzantine ratio: 20%  |  Non-IID alpha: 0.5  |  Clients/round: 20

Traceback (most recent call last):
  File "/home/mujibur/development/byzantine-FL/experiment1_baselines.py", line 165, in <module>
    final_acc, acc_curve = run_experiment(method, attack)
  File "/home/mujibur/development/byzantine-FL/experiment1_baselines.py", line 127, in run_experiment
    agg = fedavg(updates)
  File "/home/mujibur/development/byzantine-FL/aggregators.py", line 15, in fedavg
    return sum(w * u for w, u in zip(weights, updates))
ValueError: operands could not be broadcast together with shapes (11,) (2,) 
