fl_base.py loaded successfully.
Preparing data for layer analysis...

============================================================
  Dataset : nyc-taxi
  Desc    : NYC TLC High-Volume FHV trips (2025)
  Samples : 100,000
============================================================

[nyc-taxi] Loading real TLC data from: ./data/nyc-taxi/yellow_tripdata_2015-01.csv
  ✗ Failed to load parquet: Could not open Parquet input source '<Buffer>': Parquet magic bytes not found in footer. Either the file is corrupted or this is not a parquet file.
  → Falling back to synthetic NYC Taxi data

[nyc-taxi] ⚠ Real data not found. Using synthetic NYC Taxi data.
  To use real data:
  1. Download from https://www.nyc.gov/site/tlc/about/tlc-trip-record-data.page
  2. Pass parquet_path='path/to/fhvhv_tripdata_2025-01.parquet'

Running layer analysis across 4 attack types...

  Attack: grad-p
Traceback (most recent call last):
  File "/home/mujibur/development/byzantine-FL/experiment3_layer_analysis.py", line 186, in <module>
    df = run_layer_analysis(attack)
  File "/home/mujibur/development/byzantine-FL/experiment3_layer_analysis.py", line 114, in run_layer_analysis
    dw, db = m.train(Xc, yc, lr=LR, epochs=5, batch_size=32)
TypeError: cannot unpack non-iterable NoneType object
