fl_base.py loaded successfully.
Preparing data for adaptive adversary experiments...

============================================================
  Dataset : nyc-taxi
  Desc    : NYC TLC High-Volume FHV trips (2025)
  Samples : 100,000
============================================================

[nyc-taxi] Loading real TLC data from: ./data/nyc-taxi/yellow_tripdata_2015-01.csv
  ✗ Failed to load parquet: Could not open Parquet input source '<Buffer>': Parquet magic bytes not found in footer. Either the file is corrupted or this is not a parquet file.
  → Falling back to synthetic NYC Taxi data

[nyc-taxi] ⚠ Real data not found. Using synthetic NYC Taxi data.
  To use real data:
  1. Download from https://www.nyc.gov/site/tlc/about/tlc-trip-record-data.page
  2. Pass parquet_path='path/to/fhvhv_tripdata_2025-01.parquet'

============================================================
  A: Sleeper (delayed activation, T_burn=20)
============================================================
Traceback (most recent call last):
  File "/home/mujibur/development/byzantine-FL/experiment5_adaptive.py", line 295, in <module>
    rdf, cdf = run_adaptive(variant, N_ROUNDS, T_BURN)
  File "/home/mujibur/development/byzantine-FL/experiment5_adaptive.py", line 147, in run_adaptive
    dw, db = m.train(Xc, yc, lr=LR, epochs=5, batch_size=32)
TypeError: cannot unpack non-iterable NoneType object
