fl_base.py loaded successfully.
aggregators.py loaded successfully.
Preparing data for overhead measurement...

  n_clients = 20
    FedAvg         :    0.04 ± 0.00 ms  (1.0× FedAvg)  [O(nd)]
    Multi-Krum     :    0.27 ± 0.01 ms  (7.2× FedAvg)  [O(n²d)]
    TrimmedMean    :    0.03 ± 0.00 ms  (0.8× FedAvg)  [O(nd log n)]
    Bulyan         :    0.28 ± 0.01 ms  (7.3× FedAvg)  [O(n²d)]
    RFVIR          :    0.23 ± 0.01 ms  (5.9× FedAvg)  [O(nd)]
    FLAME          :    5.46 ± 0.20 ms  (143.7× FedAvg)  [O(nd + n² )]
    Ours           :    5.74 ± 0.13 ms  (151.2× FedAvg)  [O(nd + n·m)]

  n_clients = 50
    FedAvg         :    0.08 ± 0.00 ms  (1.0× FedAvg)  [O(nd)]
    Multi-Krum     :    0.70 ± 0.01 ms  (9.2× FedAvg)  [O(n²d)]
    TrimmedMean    :    0.05 ± 0.00 ms  (0.7× FedAvg)  [O(nd log n)]
    Bulyan         :    0.70 ± 0.00 ms  (9.2× FedAvg)  [O(n²d)]
    RFVIR          :    0.38 ± 0.01 ms  (5.1× FedAvg)  [O(nd)]
    FLAME          :    6.61 ± 0.09 ms  (87.2× FedAvg)  [O(nd + n² )]
    Ours           :   13.49 ± 0.43 ms  (178.1× FedAvg)  [O(nd + n·m)]

  n_clients = 100
    FedAvg         :    0.13 ± 0.00 ms  (1.0× FedAvg)  [O(nd)]
    Multi-Krum     :    1.61 ± 0.05 ms  (12.4× FedAvg)  [O(n²d)]
    TrimmedMean    :    0.09 ± 0.00 ms  (0.7× FedAvg)  [O(nd log n)]
    Bulyan         :    1.90 ± 0.44 ms  (14.7× FedAvg)  [O(n²d)]
    RFVIR          :    0.66 ± 0.08 ms  (5.1× FedAvg)  [O(nd)]
    FLAME          :    8.80 ± 0.57 ms  (68.1× FedAvg)  [O(nd + n² )]
    Ours           :   26.55 ± 1.04 ms  (205.6× FedAvg)  [O(nd + n·m)]

  n_clients = 200
    FedAvg         :    0.26 ± 0.00 ms  (1.0× FedAvg)  [O(nd)]
    Multi-Krum     :    4.23 ± 0.16 ms  (16.3× FedAvg)  [O(n²d)]
    TrimmedMean    :    0.17 ± 0.00 ms  (0.6× FedAvg)  [O(nd log n)]
    Bulyan         :    4.25 ± 0.35 ms  (16.4× FedAvg)  [O(n²d)]
    RFVIR          :    1.19 ± 0.01 ms  (4.6× FedAvg)  [O(nd)]
    FLAME          :   10.55 ± 0.19 ms  (40.8× FedAvg)  [O(nd + n² )]
    Ours           :   58.26 ± 5.39 ms  (225.2× FedAvg)  [O(nd + n·m)]

Saved results/overhead.csv and overhead_latex.txt
[Copy overhead_latex.txt content into Section V of the LaTeX file]
