fl_base.py loaded successfully.
aggregators.py loaded successfully.
Preparing data for sensitivity analysis...

[1/3] Sweeping τ (outlier threshold)...
  τ=1.0  Acc=94.3%  F1=85.2%
  τ=1.5  Acc=95.3%  F1=87.5%
  τ=2.0  Acc=96.0%  F1=89.2% ← default
  τ=2.5  Acc=96.0%  F1=89.0%
  τ=3.0  Acc=97.4%  F1=92.6%

[2/3] Sweeping α (trust decay factor)...
  α=0.5  Acc=96.0%  F1=89.2%
  α=0.6  Acc=96.0%  F1=89.0%
  α=0.7  Acc=96.0%  F1=89.0%
  α=0.8  Acc=96.0%  F1=89.2% ← default
  α=0.9  Acc=95.9%  F1=88.7%

[3/3] Sweeping δ (Kappa detection threshold)...
  δ=0.10  Acc=95.9%  F1=88.7%
  δ=0.15  Acc=96.0%  F1=88.9%
  δ=0.20  Acc=96.0%  F1=88.9% ← default
  δ=0.25  Acc=96.0%  F1=89.0%
  δ=0.30  Acc=96.0%  F1=88.9%

── Sensitivity Summary ─────────────────────────────────────────────

τ sweep (α=0.8, δ=0.2):
  τ  Accuracy (%)  F1 (%)
1.0          94.3    85.2
1.5          95.3    87.5
2.0          96.0    89.2
2.5          96.0    89.0
3.0          97.4    92.6

α sweep (τ=2.0, δ=0.2):
  α  Accuracy (%)  F1 (%)
0.5          96.0    89.2
0.6          96.0    89.0
0.7          96.0    89.0
0.8          96.0    89.2
0.9          95.9    88.7

δ sweep (τ=2.0, α=0.8):
   δ  Accuracy (%)  F1 (%)
0.10          95.9    88.7
0.15          96.0    88.9
0.20          96.0    88.9
0.25          96.0    89.0
0.30          96.0    88.9

[Copy these into Table IX (Sensitivity Analysis) in the LaTeX file]
