fl_base.py loaded successfully.
Preparing data for adaptive adversary experiments...

============================================================
  Dataset : geolife
  Desc    : Microsoft Geolife GPS Trajectories (Zheng et al. 2008)
  Samples : 80,000
============================================================

[geolife] ⚠ Real data not found. Using synthetic Geolife-style data.
  To use real data:
  1. Download: https://www.microsoft.com/en-us/download/details.aspx?id=52367
  2. Extract to ~/data/geolife/
  3. Set data_dir='~/data/geolife/Data/'

[geolife] Synthetic data generated:
  Records    : 80,000
  Fraud rate : 12.0%
  Lat range  : [39.750, 40.100]
  Lon range  : [116.200, 116.650]

============================================================
  A: Sleeper (delayed activation, T_burn=20)
============================================================
    R00 [burn-in] Acc=98.4%  Det(K=100% T=0% O=0%)  FPR=100.0%
    R10 [burn-in] Acc=98.0%  Det(K=100% T=25% O=25%)  FPR=100.0%
    R20 [ATTACK] Acc=98.0%  Det(K=100% T=50% O=0%)  FPR=100.0%
    R21 [ATTACK] Acc=98.0%  Det(K=100% T=75% O=0%)  FPR=100.0%
    R30 [ATTACK] Acc=97.9%  Det(K=100% T=100% O=0%)  FPR=100.0%
    R40 [ATTACK] Acc=97.9%  Det(K=100% T=100% O=0%)  FPR=100.0%
    R50 [ATTACK] Acc=97.9%  Det(K=100% T=100% O=0%)  FPR=100.0%

  Detection latency (rounds after activation):
    Outlier     : Never rounds
    Trust       : 0 rounds
    Kappa       : 0 rounds
    Combined    : 0 rounds
  Acc at activation (round 20): 98.05%
  Acc steady-state (last 5 rounds): 98.0%
  FPR during burn-in: 100.0%

============================================================
  B: Mimicry (gradient-constrained poisoning)
============================================================
    R00 [burn-in] Acc=98.5%  Det(K=100% T=0% O=0%)  FPR=100.0%
    R10 [burn-in] Acc=98.0%  Det(K=100% T=25% O=25%)  FPR=100.0%
    R20 [ATTACK] Acc=98.0%  Det(K=100% T=50% O=0%)  FPR=100.0%
    R21 [ATTACK] Acc=98.0%  Det(K=100% T=75% O=0%)  FPR=100.0%
    R30 [ATTACK] Acc=97.9%  Det(K=100% T=100% O=0%)  FPR=100.0%
    R40 [ATTACK] Acc=97.9%  Det(K=100% T=100% O=0%)  FPR=100.0%
    R50 [ATTACK] Acc=97.9%  Det(K=100% T=100% O=0%)  FPR=100.0%

  Detection latency (rounds after activation):
    Outlier     : Never rounds
    Trust       : 0 rounds
    Kappa       : 0 rounds
    Combined    : 0 rounds
  Acc at activation (round 20): 98.0%
  Acc steady-state (last 5 rounds): 98.0%
  FPR during burn-in: 100.0%

============================================================
  C: Slow drift (ramp 5%/round to 40% flip)
============================================================
    R00 [burn-in] Acc=98.4%  Det(K=100% T=0% O=0%)  FPR=100.0%
    R10 [burn-in] Acc=98.0%  Det(K=100% T=25% O=25%)  FPR=100.0%
    R20 [ATTACK] Acc=98.0%  Det(K=100% T=50% O=0%)  FPR=100.0%
    R21 [ATTACK] Acc=98.0%  Det(K=100% T=75% O=0%)  FPR=100.0%
    R30 [ATTACK] Acc=97.9%  Det(K=100% T=100% O=0%)  FPR=100.0%
    R40 [ATTACK] Acc=97.9%  Det(K=100% T=100% O=0%)  FPR=100.0%
    R50 [ATTACK] Acc=97.9%  Det(K=100% T=100% O=0%)  FPR=100.0%

  Detection latency (rounds after activation):
    Outlier     : Never rounds
    Trust       : 0 rounds
    Kappa       : 0 rounds
    Combined    : 0 rounds
  Acc at activation (round 20): 98.05%
  Acc steady-state (last 5 rounds): 98.2%
  FPR during burn-in: 100.0%

============================================================
Saved:
  results/adaptive_sleeper.csv
  results/adaptive_mimicry.csv
  results/adaptive_slowdrift.csv
  results/adaptive_detection_latency.csv  ← key table
  results/adaptive_latex.txt              ← paste into paper
============================================================
Variant                                   Attack Outlier latency  Trust latency  Kappa latency  Combined latency  Burn-in FPR (%)  Final Acc (%)
      A  Sleeper (delayed activation, T_burn=20)           Never              0              0                 0            100.0           98.0
      B Mimicry (gradient-constrained poisoning)           Never              0              0                 0            100.0           98.0
      C   Slow drift (ramp 5%/round to 40% flip)           Never              0              0                 0            100.0           98.2
